{
  "blocks": {
    "block_0": {
      "id": "block_0",
      "instructions": [
        {
          "consumes": [],
          "instruction": "iload_0",
          "labelDef": "L4:",
          "pc": 4
        },
        {
          "consumes": [
            {
              "producer": {
                "consumes": [],
                "instruction": "iload_0",
                "labelDef": "L4:",
                "pc": 4
              },
              "width": 1
            }
          ],
          "instruction": "ireturn",
          "labelDef": "L5:",
          "pc": 5
        }
      ],
      "predecessors": [],
      "successors": []
    }
  },
  "entryBlockId": "block_0"
}