{
  "className": "ReturnFirst",
  "flags": [
    "public"
  ],
  "interfaces": [],
  "items": [
    {
      "method": {
        "accessFlags": 9,
        "attributes": [
          {
            "code": {
              "attributes": [],
              "codeItems": [
                {
                  "instruction": "iload_1",
                  "labelDef": "L0:",
                  "pc": 0
                },
                {
                  "instruction": "iload_2",
                  "labelDef": "L1:",
                  "pc": 1
                },
                {
                  "instruction": "iadd",
                  "labelDef": "L2:",
                  "pc": 2
                },
                {
                  "instruction": "pop",
                  "labelDef": "L3:",
                  "pc": 3
                },
                {
                  "instruction": "iload_0",
                  "labelDef": "L4:",
                  "pc": 4
                },
                {
                  "instruction": "ireturn",
                  "labelDef": "L5:",
                  "pc": 5
                },
                {
                  "instruction": null,
                  "labelDef": "L6:"
                }
              ],
              "exceptionTable": [],
              "localsSize": "3",
              "long": false,
              "stackSize": "2"
            },
            "type": "code"
          }
        ],
        "descriptor": "(III)I",
        "flags": [
          "public",
          "static"
        ],
        "name": "useAndReturnFirst"
      },
      "type": "method"
    },
    {
      "attribute": {
        "type": "sourcefile",
        "value": "\"null\""
      },
      "type": "attribute"
    }
  ],
  "superClassName": "java/lang/Object",
  "version": [
    {
      "major": "49",
      "minor": "0"
    }
  ]
}