{
  "blocks": {
    "block_0": {
      "id": "block_0",
      "instructions": [
        {
          "instruction": "iload_1",
          "labelDef": "L0:",
          "pc": 0
        },
        {
          "instruction": "iload_2",
          "labelDef": "L1:",
          "pc": 1
        },
        {
          "instruction": "iadd",
          "labelDef": "L2:",
          "pc": 2
        },
        {
          "instruction": "pop",
          "labelDef": "L3:",
          "pc": 3
        },
        {
          "instruction": "iload_0",
          "labelDef": "L4:",
          "pc": 4
        },
        {
          "instruction": "ireturn",
          "labelDef": "L5:",
          "pc": 5
        }
      ],
      "predecessors": [],
      "successors": []
    }
  },
  "entryBlockId": "block_0"
}