{
  "accessFlags": 9,
  "attributes": [
    {
      "code": {
        "attributes": [],
        "codeItems": [
          {
            "consumes": [],
            "instruction": "iload_0",
            "labelDef": "L4:",
            "pc": 4
          },
          {
            "consumes": [
              {
                "producer": {
                  "consumes": [],
                  "instruction": "iload_0",
                  "labelDef": "L4:",
                  "pc": 4
                },
                "width": 1
              }
            ],
            "instruction": "ireturn",
            "labelDef": "L5:",
            "pc": 5
          }
        ],
        "exceptionTable": [],
        "localsSize": "3",
        "long": false,
        "stackSize": "1"
      },
      "type": "code"
    }
  ],
  "descriptor": "(III)I",
  "flags": [
    "public",
    "static"
  ],
  "name": "useAndReturnFirst"
}